###############################################################################
#                                                                             #
# IAR ELF Linker V6.40.1.53790/W32 for ARM              10/Apr/2014  16:56:26 #
# Copyright 2007-2012 IAR Systems AB.                                         #
#                                                                             #
#    Output file  =  C:\ti\TivaWare_C_Series-1.0\examples\boards\ek-tm4c123gx #
#                    l\freertos_demo\ewarm\Exe\freertos_demo.out              #
#    Map file     =  C:\ti\TivaWare_C_Series-1.0\examples\boards\ek-tm4c123gx #
#                    l\freertos_demo\ewarm\List\freertos_demo.map             #
#    Command line =  C:\ti\TivaWare_C_Series-1.0\driverlib\ewarm\Exe\driverli #
#                    b.a C:\ti\TivaWare_C_Series-1.0\examples\boards\ek-tm4c1 #
#                    23gxl\freertos_demo\ewarm\Obj\cameraPositioner.o         #
#                    C:\ti\TivaWare_C_Series-1.0\examples\boards\ek-tm4c123gx #
#                    l\freertos_demo\ewarm\Obj\comm.o                         #
#                    C:\ti\TivaWare_C_Series-1.0\examples\boards\ek-tm4c123gx #
#                    l\freertos_demo\ewarm\Obj\directionControl.o             #
#                    C:\ti\TivaWare_C_Series-1.0\examples\boards\ek-tm4c123gx #
#                    l\freertos_demo\ewarm\Obj\freertos_demo.o                #
#                    C:\ti\TivaWare_C_Series-1.0\examples\boards\ek-tm4c123gx #
#                    l\freertos_demo\ewarm\Obj\heap_2.o                       #
#                    C:\ti\TivaWare_C_Series-1.0\examples\boards\ek-tm4c123gx #
#                    l\freertos_demo\ewarm\Obj\list.o                         #
#                    C:\ti\TivaWare_C_Series-1.0\examples\boards\ek-tm4c123gx #
#                    l\freertos_demo\ewarm\Obj\motorControl.o                 #
#                    C:\ti\TivaWare_C_Series-1.0\examples\boards\ek-tm4c123gx #
#                    l\freertos_demo\ewarm\Obj\port.o                         #
#                    C:\ti\TivaWare_C_Series-1.0\examples\boards\ek-tm4c123gx #
#                    l\freertos_demo\ewarm\Obj\portasm.o                      #
#                    C:\ti\TivaWare_C_Series-1.0\examples\boards\ek-tm4c123gx #
#                    l\freertos_demo\ewarm\Obj\queue.o                        #
#                    C:\ti\TivaWare_C_Series-1.0\examples\boards\ek-tm4c123gx #
#                    l\freertos_demo\ewarm\Obj\rgb.o                          #
#                    C:\ti\TivaWare_C_Series-1.0\examples\boards\ek-tm4c123gx #
#                    l\freertos_demo\ewarm\Obj\sensorPositioner.o             #
#                    C:\ti\TivaWare_C_Series-1.0\examples\boards\ek-tm4c123gx #
#                    l\freertos_demo\ewarm\Obj\servoControl.o                 #
#                    C:\ti\TivaWare_C_Series-1.0\examples\boards\ek-tm4c123gx #
#                    l\freertos_demo\ewarm\Obj\servoControlPan.o              #
#                    C:\ti\TivaWare_C_Series-1.0\examples\boards\ek-tm4c123gx #
#                    l\freertos_demo\ewarm\Obj\servoControlTilt.o             #
#                    C:\ti\TivaWare_C_Series-1.0\examples\boards\ek-tm4c123gx #
#                    l\freertos_demo\ewarm\Obj\startup.o                      #
#                    C:\ti\TivaWare_C_Series-1.0\examples\boards\ek-tm4c123gx #
#                    l\freertos_demo\ewarm\Obj\startup_ewarm.o                #
#                    C:\ti\TivaWare_C_Series-1.0\examples\boards\ek-tm4c123gx #
#                    l\freertos_demo\ewarm\Obj\tasks.o                        #
#                    C:\ti\TivaWare_C_Series-1.0\examples\boards\ek-tm4c123gx #
#                    l\freertos_demo\ewarm\Obj\uartstdio.o                    #
#                    C:\ti\TivaWare_C_Series-1.0\examples\boards\ek-tm4c123gx #
#                    l\freertos_demo\ewarm\Obj\ustdlib.o --redirect           #
#                    _Printf=_PrintfTiny --redirect _Scanf=_ScanfSmall -o     #
#                    C:\ti\TivaWare_C_Series-1.0\examples\boards\ek-tm4c123gx #
#                    l\freertos_demo\ewarm\Exe\freertos_demo.out --map        #
#                    C:\ti\TivaWare_C_Series-1.0\examples\boards\ek-tm4c123gx #
#                    l\freertos_demo\ewarm\List\freertos_demo.map --config    #
#                    C:\ti\TivaWare_C_Series-1.0\examples\boards\ek-tm4c123gx #
#                    l\freertos_demo\freertos_demo.icf --semihosting --entry  #
#                    __iar_program_start --vfe                                #
#                                                                             #
#                                                                             #
###############################################################################

*******************************************************************************
*** RUNTIME MODEL ATTRIBUTES
***

CppFlavor       = *
__SystemLibrary = DLib


*******************************************************************************
*** PLACEMENT SUMMARY
***

"A1":  place at start of [0x00000000-0x0003ffff] { ro section .intvec };
"P1":  place in [from 0x00000000 to 0x0003ffff] { ro };
"P2":  place in [from 0x20000000 to 0x20007fff] { rw, block HEAP };

  Section            Kind        Address    Size  Object
  -------            ----        -------    ----  ------
"A1":                                      0x26c
  .intvec            const    0x00000000   0x26c  startup_ewarm.o [1]
                            - 0x0000026c   0x26c

"P1":                                     0x1824
  .text              ro code  0x0000026c   0x470  tasks.o [1]
  .text              ro code  0x000006dc    0xd8  heap_2.o [1]
  .text              ro code  0x000007b4    0x3a  ABImemset48.o [6]
  .text              ro code  0x000007ee    0x22  zero_init3.o [6]
  .text              ro code  0x00000810    0x6c  strncpy.o [6]
  .text              ro code  0x0000087c    0x60  list.o [1]
  .text              ro code  0x000008dc    0xb8  port.o [1]
  CODE               ro code  0x00000994    0xa0  portasm.o [1]
  .text              ro code  0x00000a34    0x62  memcmp.o [6]
  .text              ro code  0x00000a98   0x2c4  freertos_demo.o [1]
  .text              ro code  0x00000d5c    0x5e  ABImemset.o [6]
  .text              ro code  0x00000dbc   0x2c6  startup.o [1]
  .text              ro code  0x00001084     0x4  timer.o [4]
  .text              ro code  0x00001088    0xd8  gpio.o [4]
  .text              ro code  0x00001160    0x20  sysctl.o [4]
  .text              ro code  0x00001180    0x2c  i2c.o [4]
  .text              ro code  0x000011ac   0x18c  motorControl.o [1]
  .text              ro code  0x00001338   0x124  servoControl.o [1]
  .text              ro code  0x0000145c    0x6c  servoControlPan.o [1]
  .text              ro code  0x000014c8    0x6c  servoControlTilt.o [1]
  .text              ro code  0x00001534    0x58  sensorPositioner.o [1]
  .text              ro code  0x0000158c    0x38  cameraPositioner.o [1]
  .text              ro code  0x000015c4    0xa4  directionControl.o [1]
  .text              ro code  0x00001668    0x40  comm.o [1]
  .text              ro code  0x000016a8   0x16a  lz77_init3c.o [6]
  .text              ro code  0x00001812     0x6  abort.o [3]
  .text              ro code  0x00001818    0x14  exit.o [7]
  .text              ro code  0x0000182c    0x28  data_init3.o [6]
  .iar.init_table    const    0x00001854    0x2c  - Linker created -
  .text              ro code  0x00001880    0x1a  startup_ewarm.o [1]
  .text              ro code  0x0000189a     0xc  cstartup_M.o [6]
  .text              ro code  0x000018a8    0x1a  fpinit_M.o [5]
  .text              ro code  0x000018c4    0x16  cmain.o [6]
  .text              ro code  0x000018da     0x4  low_level_init.o [3]
  .text              ro code  0x000018de     0x4  exit.o [3]
  .text              ro code  0x000018e4     0xa  cexit.o [6]
  .rodata            const    0x000018f0    0x14  cameraPositioner.o [1]
  .rodata            const    0x00001904    0x14  directionControl.o [1]
  .rodata            const    0x00001918    0x14  sensorPositioner.o [1]
  .rodata            const    0x0000192c    0x14  servoControlPan.o [1]
  .rodata            const    0x00001940    0x14  servoControlTilt.o [1]
  .rodata            const    0x00001954    0x14  tasks.o [1]
  .rodata            const    0x00001968    0x10  comm.o [1]
  .rodata            const    0x00001978    0x10  motorControl.o [1]
  .rodata            const    0x00001988    0x10  servoControl.o [1]
  .rodata            const    0x00001998     0x8  tasks.o [1]
  .rodata            const    0x000019a0     0x0  zero_init3.o [6]
  .rodata            const    0x000019a0     0x0  lz77_init3c.o [6]
  Initializer bytes  ro data  0x000019a0    0xee  <for P2 s0>
                            - 0x00001a8e  0x1822

"P2", part 1 of 3:                         0x298
  P2 s0                       0x20000000   0x298  <Init block>
    .data            inited   0x20000000    0xa0  tasks.o [1]
    .data            inited   0x200000a0    0x74  freertos_demo.o [1]
    .data            inited   0x20000114    0x6c  freertos_demo.o [1]
    .data            inited   0x20000180    0x44  freertos_demo.o [1]
    .data            inited   0x200001c4    0x40  freertos_demo.o [1]
    .data            inited   0x20000204    0x2c  freertos_demo.o [1]
    .data            inited   0x20000230    0x14  freertos_demo.o [1]
    .data            inited   0x20000244     0xc  freertos_demo.o [1]
    .data            inited   0x20000250     0xc  freertos_demo.o [1]
    .data            inited   0x2000025c     0xc  heap_2.o [1]
    .data            inited   0x20000268     0x8  freertos_demo.o [1]
    .data            inited   0x20000270     0x8  freertos_demo.o [1]
    .data            inited   0x20000278     0x8  freertos_demo.o [1]
    .data            inited   0x20000280     0x4  freertos_demo.o [1]
    .data            inited   0x20000284     0x4  freertos_demo.o [1]
    .data            inited   0x20000288     0x4  freertos_demo.o [1]
    .data            inited   0x2000028c     0x4  freertos_demo.o [1]
    .data            inited   0x20000290     0x4  freertos_demo.o [1]
    .data            inited   0x20000294     0x4  port.o [1]
                            - 0x20000298   0x298

"P2", part 2 of 3:                        0x76b0
  .bss               zero     0x20000298  0x753c  heap_2.o [1]
  .bss               zero     0x200077d4   0x140  tasks.o [1]
  .bss               zero     0x20007914     0x8  directionControl.o [1]
  .bss               zero     0x2000791c     0x4  freertos_demo.o [1]
  .bss               zero     0x20007920     0x4  freertos_demo.o [1]
  .bss               zero     0x20007924     0x4  freertos_demo.o [1]
  .bss               zero     0x20007928     0x4  freertos_demo.o [1]
  .bss               zero     0x2000792c     0x4  freertos_demo.o [1]
  .bss               zero     0x20007930     0x4  freertos_demo.o [1]
  .bss               zero     0x20007934     0x4  freertos_demo.o [1]
  .bss               zero     0x20007938     0x1  freertos_demo.o [1]
  .bss               zero     0x20007939     0x1  freertos_demo.o [1]
  .bss               zero     0x2000793a     0x1  freertos_demo.o [1]
  .bss               zero     0x2000793b     0x1  freertos_demo.o [1]
  .bss               zero     0x2000793c     0x1  freertos_demo.o [1]
  .bss               zero     0x2000793d     0x1  freertos_demo.o [1]
  .bss               zero     0x2000793e     0x1  freertos_demo.o [1]
  .bss               zero     0x2000793f     0x1  freertos_demo.o [1]
  .bss               zero     0x20007940     0x1  freertos_demo.o [1]
  .bss               zero     0x20007941     0x1  freertos_demo.o [1]
  .bss               zero     0x20007942     0x1  freertos_demo.o [1]
  .bss               zero     0x20007943     0x1  freertos_demo.o [1]
  .bss               zero     0x20007944     0x1  freertos_demo.o [1]
  .bss               zero     0x20007945     0x1  freertos_demo.o [1]
  .bss               zero     0x20007946     0x1  freertos_demo.o [1]
                            - 0x20007947  0x76af

"P2", part 3 of 3:                         0x200
  .noinit            uninit   0x20007948   0x200  startup_ewarm.o [1]
                            - 0x20007b48   0x200


*******************************************************************************
*** INIT TABLE
***

          Address     Size
          -------     ----
Zero (__iar_zero_init3)
    1 destination range, total size 0x76af:
          0x20000298  0x76af

Copy/lz77 (__iar_lz77_init3)
    1 source range, total size 0xee (35% of destination):
          0x000019a0    0xee
    1 destination range, total size 0x298:
          0x20000000   0x298



*******************************************************************************
*** MODULE SUMMARY
***

    Module              ro code  ro data  rw data
    ------              -------  -------  -------
C:\ti\TivaWare_C_Series-1.0\examples\boards\ek-tm4c123gxl\freertos_demo\ewarm\Obj: [1]
    cameraPositioner.o       56       20
    comm.o                   64       16
    directionControl.o      164       20        8
    freertos_demo.o         708      175      531
    heap_2.o                216        4   30 024
    list.o                   96
    motorControl.o          396       16
    port.o                  184        2        4
    portasm.o               160
    sensorPositioner.o       88       20
    servoControl.o          292       16
    servoControlPan.o       108       20
    servoControlTilt.o      108       20
    startup.o               710
    startup_ewarm.o          26      620      512
    tasks.o               1 136       85      480
    ---------------------------------------------
    Total:                4 512    1 034   31 559

command line: [2]
    ---------------------------------------------
    Total:

dl7M_tln.a: [3]
    abort.o                   6
    exit.o                    4
    low_level_init.o          4
    ---------------------------------------------
    Total:                   14

driverlib.a: [4]
    gpio.o                  216
    i2c.o                    44
    sysctl.o                 32
    timer.o                   4
    ---------------------------------------------
    Total:                  296

m7M_tlv.a: [5]
    fpinit_M.o               26
    ---------------------------------------------
    Total:                   26

rt7M_tl.a: [6]
    ABImemset.o              94
    ABImemset48.o            58
    cexit.o                  10
    cmain.o                  22
    cstartup_M.o             12
    data_init3.o             40
    lz77_init3c.o           362
    memcmp.o                 98
    strncpy.o               108
    zero_init3.o             34
    ---------------------------------------------
    Total:                  838

shb_l.a: [7]
    exit.o                   20
    ---------------------------------------------
    Total:                   20

    Gaps                     12        2
    Linker created                    44
-------------------------------------------------
    Grand Total:          5 718    1 080   31 559


*******************************************************************************
*** ENTRY LIST
***

Entry                      Address    Size  Type      Object
-----                      -------    ----  ----      ------
?main                   0x000018c5          Code  Gb  cmain.o [6]
FaultISR                0x00001897     0x2  Code  Lc  startup_ewarm.o [1]
GPIOIntClear            0x0000108f     0x6  Code  Gb  gpio.o [4]
GPIOIntEnable           0x00001089     0x6  Code  Gb  gpio.o [4]
GPIOPinConfigure        0x000010a1    0x3a  Code  Gb  gpio.o [4]
GPIOPinRead             0x00001095     0x6  Code  Gb  gpio.o [4]
GPIOPinWrite            0x0000109b     0x6  Code  Gb  gpio.o [4]
I2CSlaveDataPut         0x000011a7     0x6  Code  Gb  i2c.o [4]
I2CSlaveEnable          0x00001193    0x14  Code  Gb  i2c.o [4]
I2CSlaveInit            0x00001181    0x12  Code  Gb  i2c.o [4]
InStream_Read           0x000016a9    0x28  Code  Lc  lz77_init3c.o [6]
IntDefaultHandler       0x00001899     0x2  Code  Lc  startup_ewarm.o [1]
NmiSR                   0x00001895     0x2  Code  Lc  startup_ewarm.o [1]
PortCIntHandler         0x00000c6d    0xc4  Code  Gb  freertos_demo.o [1]
PortDIntHandler         0x00000b93    0xd2  Code  Gb  freertos_demo.o [1]
Region$$Table$$Base     0x00001854           --   Gb  - Linker created -
Region$$Table$$Limit    0x00001880           --   Gb  - Linker created -
ResetISR                0x00001881     0xe  Code  Gb  startup_ewarm.o [1]
SysCtlPeripheralEnable  0x00001161     0x8  Code  Gb  sysctl.o [4]
Timer0IntHandler        0x00000aab    0xde  Code  Gb  freertos_demo.o [1]
TimerIntClear           0x00001085     0x4  Code  Gb  timer.o [4]
__aeabi_memset4         0x000007b5          Code  Gb  ABImemset48.o [6]
__aeabi_memset8         0x000007b5          Code  Gb  ABImemset48.o [6]
__cmain                 0x000018c5          Code  Gb  cmain.o [6]
__exit                  0x00001819    0x14  Code  Gb  exit.o [7]
__iar_Memset4_word      0x000007bd          Code  Gb  ABImemset48.o [6]
__iar_Memset8_word      0x000007bd          Code  Gb  ABImemset48.o [6]
__iar_Memset_word       0x00000d5d          Code  Gb  ABImemset.o [6]
__iar_data_init3        0x0000182d    0x28  Code  Gb  data_init3.o [6]
__iar_init_vfp          0x000018a9          Code  Gb  fpinit_M.o [5]
__iar_lz77_init3        0x000016d1   0x13e  Code  Gb  lz77_init3c.o [6]
__iar_program_start     0x0000189b          Code  Gb  cstartup_M.o [6]
__iar_zero_init3        0x000007ef    0x22  Code  Gb  zero_init3.o [6]
__low_level_init        0x000018db     0x4  Code  Gb  low_level_init.o [3]
__vector_table          0x00000000   0x26c  Data  Gb  startup_ewarm.o [1]
_call_main              0x000018d1          Code  Gb  cmain.o [6]
_exit                   0x000018e5          Code  Gb  cexit.o [6]
_main                   0x000018d7          Code  Gb  cmain.o [6]
abort                   0x00001813     0x6  Code  Gb  abort.o [3]
cameraPositioner        0x0000158d     0x8  Code  Gb  cameraPositioner.o [1]
cameraPositionerInit    0x00001595    0x28  Code  Gb  cameraPositioner.o [1]
comm                    0x00001669     0xa  Code  Gb  comm.o [1]
commIn                  0x20007934     0x4  Data  Lc  freertos_demo.o [1]
commInit                0x00001673    0x28  Code  Gb  comm.o [1]
curTurnRad              0x20000220     0x4  Data  Lc  freertos_demo.o [1]
directionCont           0x000015c5    0x6e  Code  Gb  directionControl.o [1]
directionControlInit    0x00001633    0x28  Code  Gb  directionControl.o [1]
distances               0x200000a8    0x4c  Data  Lc  freertos_demo.o [1]
downDistance            0x200000f8     0x4  Data  Lc  freertos_demo.o [1]
dropOffFlag             0x2000793d     0x1  Data  Lc  freertos_demo.o [1]
exit                    0x000018df     0x4  Code  Gb  exit.o [3]
g_pui32GPIOBaseAddrs    0x000010e8    0x78  Data  Lc  gpio.o [4]
globalCount             0x200000a0     0x4  Data  Lc  freertos_demo.o [1]
goLeft                  0x20007939     0x1  Data  Lc  freertos_demo.o [1]
goRight                 0x20007938     0x1  Data  Lc  freertos_demo.o [1]
hardwareInit            0x00000dbd   0x1fa  Code  Gb  startup.o [1]
leftCorrectRight        0x20007943     0x1  Data  Lc  freertos_demo.o [1]
leftCorrectStraight     0x20007941     0x1  Data  Lc  freertos_demo.o [1]
leftCorrectStraightAgain
                        0x20007945     0x1  Data  Lc  freertos_demo.o [1]
leftTurnFlag            0x20000204     0x1  Data  Lc  freertos_demo.o [1]
leftVeer                0x2000793f     0x1  Data  Lc  freertos_demo.o [1]
lowToHighDown           0x2000010c     0x4  Data  Lc  freertos_demo.o [1]
lowToHighLeft           0x20000218     0x4  Data  Lc  freertos_demo.o [1]
lowToHighRight          0x2000021c     0x4  Data  Lc  freertos_demo.o [1]
lowToHighSweep          0x200000fc     0x4  Data  Lc  freertos_demo.o [1]
lowToHighUp             0x20000104     0x4  Data  Lc  freertos_demo.o [1]
main                    0x00000a99    0x10  Code  Gb  freertos_demo.o [1]
memcmp                  0x00000a35          Code  Gb  memcmp.o [6]
motorControl            0x000011ad   0x138  Code  Gb  motorControl.o [1]
motorControlInit        0x000012ff    0x28  Code  Gb  motorControl.o [1]
myCameraPositionerData  0x20000278     0x8  Data  Lc  freertos_demo.o [1]
myCommData              0x20000290     0x4  Data  Lc  freertos_demo.o [1]
myDirectionControlData  0x20000114    0x6c  Data  Lc  freertos_demo.o [1]
myMotorData             0x20000268     0x8  Data  Lc  freertos_demo.o [1]
mySensorPositionerData  0x20000270     0x8  Data  Lc  freertos_demo.o [1]
myServoData             0x20000230    0x14  Data  Lc  freertos_demo.o [1]
myServoDataPan          0x20000244     0xc  Data  Lc  freertos_demo.o [1]
myServoDataTilt         0x20000250     0xc  Data  Lc  freertos_demo.o [1]
mySoftInitData          0x200001c4    0x40  Data  Lc  freertos_demo.o [1]
obstacleFlag            0x2000793a     0x1  Data  Lc  freertos_demo.o [1]
overhangFlag            0x2000793c     0x1  Data  Lc  freertos_demo.o [1]
prvIdleTask             0x00000681    0x4a  Code  Lc  tasks.o [1]
pui32Stack              0x20007948   0x200  Data  Lc  startup_ewarm.o [1]
pulseStartDown          0x20000110     0x4  Data  Lc  freertos_demo.o [1]
pulseStartSweep         0x20000100     0x4  Data  Lc  freertos_demo.o [1]
pulseStartUp            0x20000108     0x4  Data  Lc  freertos_demo.o [1]
pvPortMalloc            0x000006dd    0x9e  Code  Gb  heap_2.o [1]
pxCurrentTCB            0x20000028     0x4  Data  Gb  tasks.o [1]
pxDelayedTaskList       0x2000002c     0x4  Data  Lc  tasks.o [1]
pxOverflowDelayedTaskList
                        0x20000030     0x4  Data  Lc  tasks.o [1]
pxPortInitialiseStack   0x000008dd    0x22  Code  Gb  port.o [1]
pxReadyTasksLists       0x200077d4   0x140  Data  Lc  tasks.o [1]
rightCorrectLeft        0x20007944     0x1  Data  Lc  freertos_demo.o [1]
rightCorrectStraight    0x20007942     0x1  Data  Lc  freertos_demo.o [1]
rightCorrectStraightAgain
                        0x20007946     0x1  Data  Lc  freertos_demo.o [1]
rightTurnFlag           0x20000205     0x1  Data  Lc  freertos_demo.o [1]
rightVeer               0x20007940     0x1  Data  Lc  freertos_demo.o [1]
routine                 0x2000792c     0x4  Data  Lc  freertos_demo.o [1]
sensorPositioner        0x00001535    0x1c  Code  Gb  sensorPositioner.o [1]
sensorPositionerInit    0x0000155d    0x28  Code  Gb  sensorPositioner.o [1]
servoCont               0x00001339    0xf0  Code  Gb  servoControl.o [1]
servoContPan            0x0000145d    0x3c  Code  Gb  servoControlPan.o [1]
servoContTilt           0x000014c9    0x3c  Code  Gb  servoControlTilt.o [1]
servoControlInit        0x00001429    0x28  Code  Gb  servoControl.o [1]
servoControlInitPan     0x00001499    0x28  Code  Gb  servoControlPan.o [1]
servoControlInitTilt    0x00001505    0x28  Code  Gb  servoControlTilt.o [1]
servoCount              0x20000284     0x4  Data  Lc  freertos_demo.o [1]
servoCountOld           0x20000194     0x4  Data  Lc  freertos_demo.o [1]
servoCountOldPan        0x200001a4     0x4  Data  Lc  freertos_demo.o [1]
servoCountOldTilt       0x200001b4     0x4  Data  Lc  freertos_demo.o [1]
servoCountPan           0x20000288     0x4  Data  Lc  freertos_demo.o [1]
servoCountTilt          0x2000028c     0x4  Data  Lc  freertos_demo.o [1]
servoCurCount           0x20000198     0x4  Data  Lc  freertos_demo.o [1]
servoCurCountPan        0x200001a8     0x4  Data  Lc  freertos_demo.o [1]
servoCurCountTilt       0x200001b8     0x4  Data  Lc  freertos_demo.o [1]
servoCurPulse           0x200001a0     0x4  Data  Lc  freertos_demo.o [1]
servoCurPulsePan        0x200001b0     0x4  Data  Lc  freertos_demo.o [1]
servoCurPulseTilt       0x200001c0     0x4  Data  Lc  freertos_demo.o [1]
servoPosition           0x200000a4     0x4  Data  Lc  freertos_demo.o [1]
servoPulse              0x2000019c     0x4  Data  Lc  freertos_demo.o [1]
servoPulsePan           0x200001ac     0x4  Data  Lc  freertos_demo.o [1]
servoPulseTilt          0x200001bc     0x4  Data  Lc  freertos_demo.o [1]
softwareInit            0x0000101d    0x66  Code  Gb  startup.o [1]
speed                   0x20000280     0x4  Data  Lc  freertos_demo.o [1]
startCorrectionCount    0x20007930     0x4  Data  Lc  freertos_demo.o [1]
strncpy                 0x00000811          Code  Gb  strncpy.o [6]
stuckFlag               0x2000793e     0x1  Data  Lc  freertos_demo.o [1]
turnInProgress          0x2000022c     0x4  Data  Lc  freertos_demo.o [1]
turnRad                 0x2000020c     0x4  Data  Lc  freertos_demo.o [1]
upDistance              0x200000f4     0x4  Data  Lc  freertos_demo.o [1]
updateMotorControl      0x20000180     0x1  Data  Lc  freertos_demo.o [1]
updateMotorControlCount
                        0x20000190     0x4  Data  Lc  freertos_demo.o [1]
uxCriticalNesting       0x20000294     0x4  Data  Lc  port.o [1]
uxCurrentNumberOfTasks  0x2000004c     0x4  Data  Lc  tasks.o [1]
uxMissedTicks           0x20000064     0x4  Data  Lc  tasks.o [1]
uxSchedulerSuspended    0x20000060     0x4  Data  Lc  tasks.o [1]
uxTaskNumber            0x20000070     0x4  Data  Lc  tasks.o [1]
uxTasksDeleted          0x20000034     0x4  Data  Lc  tasks.o [1]
uxTopReadyPriority      0x20000058     0x4  Data  Lc  tasks.o [1]
uxTopUsedPriority       0x20000054     0x4  Data  Lc  tasks.o [1]
vApplicationStackOverflowHook
                        0x00000aa9     0x2  Code  Gb  freertos_demo.o [1]
vListInitialise         0x0000087d    0x1a  Code  Gb  list.o [1]
vListInitialiseItem     0x00000897     0x6  Code  Gb  list.o [1]
vListInsertEnd          0x0000089d    0x1c  Code  Gb  list.o [1]
vListRemove             0x000008b9    0x24  Code  Gb  list.o [1]
vPortClearInterruptMask
                        0x000009e9          Code  Gb  portasm.o [1]
vPortEnableVFP          0x00000a19          Code  Gb  portasm.o [1]
vPortEnterCritical      0x00000945    0x10  Code  Gb  port.o [1]
vPortExitCritical       0x00000955    0x10  Code  Gb  port.o [1]
vPortFree               0x0000077b    0x32  Code  Gb  heap_2.o [1]
vPortSVCHandler         0x000009f3          Code  Gb  portasm.o [1]
vPortSetInterruptMask   0x000009df          Code  Gb  portasm.o [1]
vPortStartFirstTask     0x00000a0b          Code  Gb  portasm.o [1]
vPortYieldFromISR       0x0000093b     0xa  Code  Gb  port.o [1]
vTaskIncrementTick      0x00000577    0x90  Code  Gb  tasks.o [1]
vTaskResume             0x00000443    0x4c  Code  Gb  tasks.o [1]
vTaskStartScheduler     0x0000049d    0x40  Code  Gb  tasks.o [1]
vTaskSuspend            0x000003b7    0x54  Code  Gb  tasks.o [1]
vTaskSuspendAll         0x000004dd     0xc  Code  Gb  tasks.o [1]
vTaskSwitchContext      0x00000607    0x68  Code  Gb  tasks.o [1]
wallFlag                0x2000793b     0x1  Data  Lc  freertos_demo.o [1]
wheelTurnCountLeft      0x20000210     0x4  Data  Lc  freertos_demo.o [1]
wheelTurnCountLeftStart
                        0x20000224     0x4  Data  Lc  freertos_demo.o [1]
wheelTurnCountRight     0x20000214     0x4  Data  Lc  freertos_demo.o [1]
wheelTurnCountRightStart
                        0x20000228     0x4  Data  Lc  freertos_demo.o [1]
xCameraPositionerHandle
                        0x20007924     0x4  Data  Lc  freertos_demo.o [1]
xCommHandle             0x20007928     0x4  Data  Lc  freertos_demo.o [1]
xDelayedTaskList1       0x20000078    0x14  Data  Lc  tasks.o [1]
xDelayedTaskList2       0x2000008c    0x14  Data  Lc  tasks.o [1]
xDirectionControlHandle
                        0x2000791c     0x4  Data  Lc  freertos_demo.o [1]
xEnd                    0x20000298     0x8  Data  Lc  heap_2.o [1]
xFreeBytesRemaining     0x20000264     0x4  Data  Lc  heap_2.o [1]
xHeap                   0x200002a0  0x7530  Data  Lc  heap_2.o [1]
xMissedYield            0x20000068     0x4  Data  Lc  tasks.o [1]
xMotorControlHandle     0x20000208     0x4  Data  Lc  freertos_demo.o [1]
xNextTaskUnblockTime    0x20000074     0x4  Data  Lc  tasks.o [1]
xNumOfOverflows         0x2000006c     0x4  Data  Lc  tasks.o [1]
xPendingReadyList       0x20000000    0x14  Data  Lc  tasks.o [1]
xPortPendSVHandler      0x00000995          Code  Gb  portasm.o [1]
xPortStartScheduler     0x000008ff    0x3c  Code  Gb  port.o [1]
xPortSysTickHandler     0x00000965    0x1a  Code  Gb  port.o [1]
xSchedulerRunning       0x2000005c     0x4  Data  Lc  tasks.o [1]
xSensorPositionerHandle
                        0x20007920     0x4  Data  Lc  freertos_demo.o [1]
xServoControlHandle     0x20000184     0x4  Data  Lc  freertos_demo.o [1]
xServoControlHandlePan  0x20000188     0x4  Data  Lc  freertos_demo.o [1]
xServoControlHandleTilt
                        0x2000018c     0x4  Data  Lc  freertos_demo.o [1]
xStart                  0x2000025c     0x8  Data  Lc  heap_2.o [1]
xSuspendedTaskList      0x20000038    0x14  Data  Lc  tasks.o [1]
xTaskGenericCreate      0x0000026d   0x14a  Code  Gb  tasks.o [1]
xTaskIsTaskSuspended    0x00000423    0x20  Code  Gb  tasks.o [1]
xTaskResumeAll          0x000004e9    0x8e  Code  Gb  tasks.o [1]
xTasksWaitingTermination
                        0x20000014    0x14  Data  Lc  tasks.o [1]
xTickCount              0x20000050     0x4  Data  Lc  tasks.o [1]


[1] = C:\ti\TivaWare_C_Series-1.0\examples\boards\ek-tm4c123gxl\freertos_demo\ewarm\Obj
[2] = command line
[3] = dl7M_tln.a
[4] = driverlib.a
[5] = m7M_tlv.a
[6] = rt7M_tl.a
[7] = shb_l.a

   5 718 bytes of readonly  code memory
   1 080 bytes of readonly  data memory
  31 559 bytes of readwrite data memory

Errors: none
Warnings: none
